--------- beginning of main
04-24 18:29:27.367  5585  5623 I ExecuTorchEngine: OutputPostProcessor: found exact assistant marker at 103
